<html>
<body>
<pre>
<h1>礦ision Build Log</h1>
<h2>Project:</h2>
Z:\按分类\机械手臂\05.LeArm机械臂\LeArm\5.案例代码学习\stm32单片机\源码\STM32  2.2\STM32\OpenArmSTM32.uvproj
Project File Date:  11/11/2021

<h2>Output:</h2>
Build target 'Target 1'
compiling core_cm3.c...
assembling startup_stm32f10x_md.s...
compiling stm32f10x_dma.c...
compiling stm32f10x_exti.c...
compiling stm32f10x_flash.c...
compiling stm32f10x_fsmc.c...
compiling stm32f10x_gpio.c...
linking...
Program Size: Code=19524 RO-data=268 RW-data=220 ZI-data=2732  
FromELF: creating hex file...
".\Obj\OpenArmSTM32.axf" - 0 Error(s), 0 Warning(s).
